// Jest Snapshot v1, https://goo.gl/fbAQLP

exports[`FilterLink snapshot 1`] = `
<a
  aria-current="true"
  className="active"
  href="/"
  onClick={[Function]}
  style={
    Object {
      "color": "black",
      "textDecoration": "none",
    }
  }
>
  all
</a>
`;
