// Jest Snapshot v1, https://goo.gl/fbAQLP

exports[`Todo snapshot 1`] = `
<li
  onClick={[Function]}
  style={
    Object {
      "textDecoration": "none",
    }
  }
>
  do something
</li>
`;
